// Jest Snapshot v1, https://goo.gl/fbAQLP

exports[`testing al cliente Es gustavo 1`] = `
{
  "balance": 500,
  "nombre": "Gustavo",
  "tipo": "Premium",
}
`;
